Microsoft (R) Macro Assembler Version 6.11		    11/29/22 22:06:25
tempfile.asm						     Page 1 - 1


 = 0002				      M1 EQU 2           ; Upper limit of the number,m
 = 0006				      N EQU 6            ; the number of people,n
 0000				DATA SEGMENT
 0000 01 02 03 04 05 06		      SOURCE DB 01H,02H,03H,04H,05H,06H   ; number of the corresponding persion
 0006  0006 [			      RESULT DB N DUP(0)                  ; A Boolean array that stores the current state of each person. 
        00
       ]
				                                          ; The initial value is 0,what we have here is the result
 000C 00			      M      DB 00H                       ; Control the times of outputs
 000D 00			      M2     DB 00H                       ; to store the index of the results
 000E				DATA ENDS

 0000				SSEG SEGMENT PARA STACK 'STACK'
 0000  0100 [			      DB  256 DUP(?)
        00
       ]
 0100				SSEG ENDS

 0000				CODE SEGMENT
				      ASSUME CS:CODE,DS:DATA,SS:SSEG,ES:DATA
 0000				START:
 0000  1E			      PUSH DS
 0001  33 C0			      XOR AX,AX
 0003  50			      PUSH AX     ; This corresponds to retf at the end
 0004  B8 ---- R		      MOV AX,DATA
 0007  8E D8			      MOV DS,AX
 0009  8E C0			      MOV ES,AX 

 000B  B6 00			      MOV DH,0    ; store the value of k into DH
 000D  B2 06			      MOV DL,N    ; store the value of N into DL
 000F  80 FA 01			      CMP DL,1    ; compare DL(N) to 1,if it's equal to 1,break out of the loop
 0012  74 6C			      JZ LOP2
 0014				LOP1: 
 0014  B0 02			      MOV AL,M1   ; store the value of m into AL
 0016  38 D0			      CMP AL,DL   ; the mod operation in assembly first determines the size of m and n ,if m < n ,then the end value is m
 0018  72 06			      JB LOP4     ; Otherwise, you just use substraction to get the remainder

 001A				LOP3: 
 001A  2A C2			      SUB AL,DL   
 001C  38 D0			      CMP AL,DL
 001E  73 FA			      JNB LOP3
				      ; LOP4, this is the case where m is less than n, m is the result and AL is storing the result
 0020				LOP4: 
 0020  80 FE 00			      CMP DH,0    ; if (k != 0)   
 0023  74 10			      JE  LOP5    
 0025  02 C6			      ADD AL,DH   ; s = (s + k - 2) % n + 1
 0027  2C 02			      SUB AL,2    
 0029  38 D0			      CMP AL,DL
 002B  72 06			      JB LOP6
 002D				ALOP:
 002D  2A C2			      SUB AL,DL
 002F  38 D0			      CMP AL,DL
 0031  73 FA			      JNB ALOP
 0033				LOP6: 
 0033  04 01			      ADD AL,1
 0035				LOP5: 
 0035  B4 00			      MOV AH,0    ; store the value of AL(s) into AL
 0037  8A C8			      MOV CL,AL   ; store the value of AL(s) into CL
 0039  FE C8			      DEC AL      ; s - 1
 003B  8B D8			      MOV BX,AX   
 003D  8A 87 0000 R		      MOV AL,SOURCE[BX]       ; printf(" %d ",a[s-1])
 0041  8A 1E 000D R		      MOV BL,M2               ; int the begining ,the value is 0
 0045  B7 00			      MOV BH,0
 0047  88 87 0006 R		      MOV RESULT[BX],AL       ; Store the number of the first person to die
 004B  FE C3			      INC BL
 004D  88 1E 000D R		      MOV M2,BL               ; add the subscript of M2 to one
 0051  8A C1			      MOV AL,CL               
 0053  2C 01			      SUB AL,1                ; i = s - 1
 0055  8A E8			      MOV CH,AL               ; CH ---> i
				                              ; for(i=s-1;i<n-1;i++)a[i]=a[i+1]
 0057  8A C2			      MOV AL,DL               ; AL ---> n
 0059  2C 01			      SUB AL,1                ; AL ---> n-1
 005B  38 C5			      CMP CH, AL              ; compare the sizes of i and n - 1,and exit the loop if i is less than n - 1
 005D  73 18			      JNB LOP7                ; not less than
 005F				LOP8:                         ; enter the loop
 005F  8A C5			      MOV AL,CH
 0061  B4 00			      MOV AH,0
 0063  8B D8			      MOV BX,AX
 0065  8A 87 0001 R		      MOV AL,SOURCE[BX+1]
 0069  88 87 0000 R		      MOV SOURCE[BX],AL    
 006D  FE C5			      INC CH
 006F  8A C2			      MOV AL,DL
 0071  2C 01			      SUB AL,1
 0073  38 C5			      CMP CH, AL              ; i < n-1
 0075  72 E8			      JB LOP8
 0077				LOP7:                         ; exit the loop
 0077  8A F1			      MOV DH,CL               ; k=s
 0079  FE CA			      DEC DL                  ; n--
 007B  80 FA 01			      CMP DL,1                ; if DL == 1 ,exit the loop
 007E  75 94			      JNE LOP1
 0080				LOP2: 
 0080  BB 0000			      MOV BX,0
 0083  8A 87 0000 R		      MOV AL,SOURCE[BX]       ; printf(" %d ",a[0])
 0087  BB 0005			      MOV BX,N-1              ; The last person's subscript
 008A  88 87 0006 R		      MOV RESULT[BX],AL       
 008E  8D 3E 0006 R		      LEA DI,RESULT
 0092  C6 06 000C R 06		      MOV M,N                 ; M ---> N ,the number of people

 0097				LOP0:                         ; The following sections output, in turn, what is stored in result
 0097  8A 05			      MOV AL,[DI]
 0099  24 F0			      AND AL,0F0H
 009B  B1 04			      MOV CL,4
 009D  D2 E8			      SHR AL,CL               ; Remove the high number
 009F  3C 09			      CMP AL,9                
 00A1  77 0C			      JA X1                   ; if AL > 9
 00A3  04 30			      ADD AL,30H              ; AL <= 9,The high digit of the output number 
 00A5  8A D8			      MOV BL,AL               ;                 ^
 00A7  B4 02			      MOV AH,02H              ;                 |
 00A9  8A D3			      MOV DL,BL               ;                 |
 00AB  CD 21			      INT 21H                 ; Print the number of the first person to die
 00AD  EB 1C			      JMP X2

				      ; 
 00AF				X1:                           ; The high number is greater than 9,å?10ï¼?1ï¼?2ï¼?3ï¼?4ï¼?5
 00AF  3C 61			      CMP AL,61H              ; 
 00B1  77 0E			      JA X5
 00B3  04 40			      ADD AL,40H              ; ASCII values of letters corresponding to hexadecimal digits
 00B5  2C 09			      SUB AL,09H
 00B7  8A D8			      MOV BL,AL
 00B9  B4 02			      MOV AH,02H
 00BB  8A D3			      MOV DL,BL
 00BD  CD 21			      INT 21H
 00BF  EB 0A			      JMP X2
 00C1				X5:                           ; > 61
 00C1  04 20			      ADD AL,20H
 00C3  8A D8			      MOV BL,AL
 00C5  B4 02			      MOV AH,02H
 00C7  8A D3			      MOV DL,BL
 00C9  CD 21			      INT 21H
 00CB				X2:                           ; Take out the lower four digits of the number
 00CB  8A 05			      MOV AL,[DI]
 00CD  24 0F			      AND AL,0FH
 00CF  3C 09			      CMP AL,9
 00D1  77 0C			      JA X3
 00D3  04 30			      ADD AL,30H              ; Print the number of the first person to die
 00D5  8A D8			      MOV BL,AL
 00D7  B4 02			      MOV AH,02H
 00D9  8A D3			      MOV DL,BL
 00DB  CD 21			      INT 21H
 00DD  EB 1C			      JMP X6
 00DF				X3:   
 00DF  3C 61			      CMP AL,61H
 00E1  77 0E			      JA X4
 00E3  04 40			      ADD AL,40H
 00E5  2C 09			      SUB AL,09H
 00E7  8A D8			      MOV BL,AL
 00E9  B4 02			      MOV AH,02H
 00EB  8A D3			      MOV DL,BL
 00ED  CD 21			      INT 21H
 00EF  EB 0A			      JMP X6
 00F1				X4:   
 00F1  04 20			      ADD AL,20H
 00F3  8A D8			      MOV BL,AL
 00F5  B4 02			      MOV AH,02H
 00F7  8A D3			      MOV DL,BL
 00F9  CD 21			      INT 21H
 00FB				X6:   
 00FB  47			      INC DI
 00FC  FE 0E 000C R		      DEC M
 0100  75 95			      JNZ LOP0
 0102  CB			      RETF
 0103				CODE ENDS
				END START

Microsoft (R) Macro Assembler Version 6.11		    11/29/22 22:06:25
tempfile.asm						     Symbols 2 - 1




Segments and Groups:

                N a m e                 Size     Length   Align   Combine Class

CODE . . . . . . . . . . . . . .	16 Bit	 0103	  Para	  Private 
DATA . . . . . . . . . . . . . .	16 Bit	 000E	  Para	  Private 
SSEG . . . . . . . . . . . . . .	16 Bit	 0100	  Para	  Stack	  'STACK'	 


Symbols:

                N a m e                 Type     Value    Attr

ALOP . . . . . . . . . . . . . .	L Near	 002D	  CODE	
LOP0 . . . . . . . . . . . . . .	L Near	 0097	  CODE	
LOP1 . . . . . . . . . . . . . .	L Near	 0014	  CODE	
LOP2 . . . . . . . . . . . . . .	L Near	 0080	  CODE	
LOP3 . . . . . . . . . . . . . .	L Near	 001A	  CODE	
LOP4 . . . . . . . . . . . . . .	L Near	 0020	  CODE	
LOP5 . . . . . . . . . . . . . .	L Near	 0035	  CODE	
LOP6 . . . . . . . . . . . . . .	L Near	 0033	  CODE	
LOP7 . . . . . . . . . . . . . .	L Near	 0077	  CODE	
LOP8 . . . . . . . . . . . . . .	L Near	 005F	  CODE	
M1 . . . . . . . . . . . . . . .	Number	 0002h	 
M2 . . . . . . . . . . . . . . .	Byte	 000D	  DATA	
M  . . . . . . . . . . . . . . .	Byte	 000C	  DATA	
N  . . . . . . . . . . . . . . .	Number	 0006h	 
RESULT . . . . . . . . . . . . .	Byte	 0006	  DATA	
SOURCE . . . . . . . . . . . . .	Byte	 0000	  DATA	
START  . . . . . . . . . . . . .	L Near	 0000	  CODE	
X1 . . . . . . . . . . . . . . .	L Near	 00AF	  CODE	
X2 . . . . . . . . . . . . . . .	L Near	 00CB	  CODE	
X3 . . . . . . . . . . . . . . .	L Near	 00DF	  CODE	
X4 . . . . . . . . . . . . . . .	L Near	 00F1	  CODE	
X5 . . . . . . . . . . . . . . .	L Near	 00C1	  CODE	
X6 . . . . . . . . . . . . . . .	L Near	 00FB	  CODE	

	   0 Warnings
	   0 Errors
